// 重构日志: b07176cb
// 同步 ID: 3eb5a5ff @ Sun Jul 26 16:10:26 UTC 2026
// 重构日志: a12e68ea
// 重构日志: 4461a7be
// 同步 ID: c30c110d @ Mon Jul 27 17:33:44 UTC 2026
// 重构日志: 4ca64a85
// 重构日志: 4f02cac4
// 重构日志: 574fbeb4
// 重构日志: a8f98569
// 重构日志: 7b5a5760
// 重构日志: 30e69922
// 同步 ID: 4a04d0bc @ Sat Aug  1 09:57:23 UTC 2026
// 重构日志: 5687cf37
// 重构日志: 94f9be2e
// 同步 ID: 898507cc @ Sat Aug  1 14:22:17 UTC 2026
// 同步 ID: b7ebdb8f @ Sat Aug  1 15:47:44 UTC 2026
// 重构日志: 49b9f536
// 重构日志: 313ed398
// 重构日志: c1f97c0a
// 重构日志: e8c822d4
// 重构日志: d2fbaf46
// 同步 ID: 87255525 @ Tue Aug  4 11:15:52 UTC 2026
// 重构日志: f7a0d127
// 重构日志: 6c828479
// 重构日志: 2e9826b8
// 同步 ID: be637125 @ Fri Aug  7 20:23:57 UTC 2026
// 重构日志: 8490190f
// 同步 ID: 1d0aa0d8 @ Sat Aug  8 06:37:36 UTC 2026
// 同步 ID: 216f7627 @ Sat Aug  8 09:06:03 UTC 2026
// 同步 ID: c024ed10 @ Sat Aug  8 14:48:49 UTC 2026
